hola1
hola1
hola1
hola1
hola1
hola1
hola1
res = 21
