vuelta 100
vuelta 99
vuelta 98
vuelta 97
vuelta 96
vuelta 95
vuelta 94
vuelta 93
vuelta 92
vuelta 91
vuelta 90
vuelta 89
vuelta 88
vuelta 87
vuelta 86
vuelta 85
vuelta 84
vuelta 83
vuelta 82
vuelta 81
vuelta 80
vuelta 79
vuelta 78
vuelta 77
vuelta 76
vuelta 75
vuelta 74
vuelta 73
vuelta 72
vuelta 71
vuelta 70
vuelta 69
vuelta 68
vuelta 67
vuelta 66
vuelta 65
vuelta 64
vuelta 63
vuelta 62
vuelta 61
vuelta 60
vuelta 59
vuelta 58
vuelta 57
vuelta 56
vuelta 55
vuelta 54
vuelta 53
vuelta 52
vuelta 51
vuelta 50
vuelta 49
vuelta 48
vuelta 47
vuelta 46
vuelta 45
vuelta 44
vuelta 43
vuelta 42
vuelta 41
vuelta 40
vuelta 39
vuelta 38
vuelta 37
vuelta 36
vuelta 35
vuelta 34
vuelta 33
vuelta 32
vuelta 31
vuelta 30
vuelta 29
vuelta 28
vuelta 27
vuelta 26
vuelta 25
vuelta 24
vuelta 23
vuelta 22
vuelta 21
vuelta 20
vuelta 19
vuelta 18
vuelta 17
vuelta 16
vuelta 15
vuelta 14
vuelta 13
vuelta 12
vuelta 11
vuelta 10
vuelta 9
vuelta 8
vuelta 7
vuelta 6
vuelta 5
vuelta 4
vuelta 3
vuelta 2
vuelta 1
vuelta 0
0
